// Jest Snapshot v1, https://goo.gl/fbAQLP

exports[`render matches snapshot 1`] = `
<Fragment>
  <Text
    Type="h1"
    text="Thank You For Signing Up!"
    type="h2"
  />
  <Text
    Type="h1"
    text="Look out for the latest news on your favorite shows."
    type="h3"
  />
</Fragment>
`;
