// Jest Snapshot v1, https://goo.gl/fbAQLP

exports[`render matches snapshot 1`] = `
<p>
  I am test helper text
</p>
`;
