// Jest Snapshot v1, https://goo.gl/fbAQLP

exports[`render matches snapshot 1`] = `
<a
  href="google.com"
>
  I am test helper text
</a>
`;
